../Core/Src/main.c:83:5:main	8	static
../Core/Src/main.c:142:6:SystemClock_Config	88	static
../Core/Src/main.c:189:13:MX_I2C1_Init	8	static
../Core/Src/main.c:223:13:MX_USART2_UART_Init	8	static
../Core/Src/main.c:256:13:MX_GPIO_Init	48	static
../Core/Src/main.c:320:6:LCD_SendCommand	16	static
../Core/Src/main.c:327:6:LCD_SendData	16	static
../Core/Src/main.c:334:6:LCD_WriteByte	16	static
../Core/Src/main.c:349:6:LCD_PulseEnable	8	static
../Core/Src/main.c:356:6:writeToLCD	16	static
../Core/Src/main.c:362:6:LCD_Init	8	static
../Core/Src/main.c:380:6:DHT20_Measure	88	static
../Core/Src/main.c:483:6:turnOnLED	16	static
../Core/Src/main.c:513:6:Error_Handler	4	static,ignoring_inline_asm
