../Core/Src/main.c:82:5:main	8	static
../Core/Src/main.c:138:6:SystemClock_Config	88	static
../Core/Src/main.c:185:13:MX_I2C1_Init	8	static
../Core/Src/main.c:219:13:MX_USART2_UART_Init	8	static
../Core/Src/main.c:252:13:MX_GPIO_Init	48	static
../Core/Src/main.c:316:6:LCD_SendCommand	16	static
../Core/Src/main.c:323:6:LCD_SendData	16	static
../Core/Src/main.c:330:6:LCD_WriteByte	16	static
../Core/Src/main.c:345:6:LCD_PulseEnable	8	static
../Core/Src/main.c:352:6:writeToLCD	16	static
../Core/Src/main.c:358:6:LCD_Init	8	static
../Core/Src/main.c:376:6:DHT20_Init	88	static
../Core/Src/main.c:452:6:turnOnLED	16	static
../Core/Src/main.c:482:6:Error_Handler	4	static,ignoring_inline_asm
